Analysis & Synthesis report for TICTACTOE
Sun Oct 02 14:21:54 2022
Quartus Prime Version 20.1.1 Build 720 11/11/2020 SJ Lite Edition


---------------------
; Table of Contents ;
---------------------
  1. Legal Notice
  2. Analysis & Synthesis Summary
  3. Analysis & Synthesis Settings
  4. Parallel Compilation
  5. Analysis & Synthesis Source Files Read
  6. Analysis & Synthesis Resource Usage Summary
  7. Analysis & Synthesis Resource Utilization by Entity
  8. Registers Removed During Synthesis
  9. General Register Statistics
 10. Parameter Settings for User Entity Instance: clock_divider:clk_divider
 11. Post-Synthesis Netlist Statistics for Top Partition
 12. Elapsed Time Per Partition
 13. Analysis & Synthesis Messages



----------------
; Legal Notice ;
----------------
Copyright (C) 2020  Intel Corporation. All rights reserved.
Your use of Intel Corporation's design tools, logic functions 
and other software and tools, and any partner logic 
functions, and any output files from any of the foregoing 
(including device programming or simulation files), and any 
associated documentation or information are expressly subject 
to the terms and conditions of the Intel Program License 
Subscription Agreement, the Intel Quartus Prime License Agreement,
the Intel FPGA IP License Agreement, or other applicable license
agreement, including, without limitation, that your use is for
the sole purpose of programming logic devices manufactured by
Intel and sold by Intel or its authorized distributors.  Please
refer to the applicable agreement for further details, at
https://fpgasoftware.intel.com/eula.



+-------------------------------------------------------------------------------+
; Analysis & Synthesis Summary                                                  ;
+---------------------------------+---------------------------------------------+
; Analysis & Synthesis Status     ; Successful - Sun Oct 02 14:21:54 2022       ;
; Quartus Prime Version           ; 20.1.1 Build 720 11/11/2020 SJ Lite Edition ;
; Revision Name                   ; TICTACTOE                                   ;
; Top-level Entity Name           ; VGA_Controller                              ;
; Family                          ; Cyclone V                                   ;
; Logic utilization (in ALMs)     ; N/A                                         ;
; Total registers                 ; 63                                          ;
; Total pins                      ; 29                                          ;
; Total virtual pins              ; 0                                           ;
; Total block memory bits         ; 0                                           ;
; Total DSP Blocks                ; 0                                           ;
; Total HSSI RX PCSs              ; 0                                           ;
; Total HSSI PMA RX Deserializers ; 0                                           ;
; Total HSSI TX PCSs              ; 0                                           ;
; Total HSSI PMA TX Serializers   ; 0                                           ;
; Total PLLs                      ; 0                                           ;
; Total DLLs                      ; 0                                           ;
+---------------------------------+---------------------------------------------+


+---------------------------------------------------------------------------------------------------------------------------+
; Analysis & Synthesis Settings                                                                                             ;
+---------------------------------------------------------------------------------+--------------------+--------------------+
; Option                                                                          ; Setting            ; Default Value      ;
+---------------------------------------------------------------------------------+--------------------+--------------------+
; Device                                                                          ; 5CSEMA5F31C6       ;                    ;
; Top-level entity name                                                           ; VGA_Controller     ; TICTACTOE          ;
; Family name                                                                     ; Cyclone V          ; Cyclone V          ;
; Use smart compilation                                                           ; Off                ; Off                ;
; Enable parallel Assembler and Timing Analyzer during compilation                ; On                 ; On                 ;
; Enable compact report table                                                     ; Off                ; Off                ;
; Restructure Multiplexers                                                        ; Auto               ; Auto               ;
; MLAB Add Timing Constraints For Mixed-Port Feed-Through Mode Setting Don't Care ; Off                ; Off                ;
; Create Debugging Nodes for IP Cores                                             ; Off                ; Off                ;
; Preserve fewer node names                                                       ; On                 ; On                 ;
; Intel FPGA IP Evaluation Mode                                                   ; Enable             ; Enable             ;
; Verilog Version                                                                 ; Verilog_2001       ; Verilog_2001       ;
; VHDL Version                                                                    ; VHDL_1993          ; VHDL_1993          ;
; State Machine Processing                                                        ; Auto               ; Auto               ;
; Safe State Machine                                                              ; Off                ; Off                ;
; Extract Verilog State Machines                                                  ; On                 ; On                 ;
; Extract VHDL State Machines                                                     ; On                 ; On                 ;
; Ignore Verilog initial constructs                                               ; Off                ; Off                ;
; Iteration limit for constant Verilog loops                                      ; 5000               ; 5000               ;
; Iteration limit for non-constant Verilog loops                                  ; 250                ; 250                ;
; Add Pass-Through Logic to Inferred RAMs                                         ; On                 ; On                 ;
; Infer RAMs from Raw Logic                                                       ; On                 ; On                 ;
; Parallel Synthesis                                                              ; On                 ; On                 ;
; DSP Block Balancing                                                             ; Auto               ; Auto               ;
; NOT Gate Push-Back                                                              ; On                 ; On                 ;
; Power-Up Don't Care                                                             ; On                 ; On                 ;
; Remove Redundant Logic Cells                                                    ; Off                ; Off                ;
; Remove Duplicate Registers                                                      ; On                 ; On                 ;
; Ignore CARRY Buffers                                                            ; Off                ; Off                ;
; Ignore CASCADE Buffers                                                          ; Off                ; Off                ;
; Ignore GLOBAL Buffers                                                           ; Off                ; Off                ;
; Ignore ROW GLOBAL Buffers                                                       ; Off                ; Off                ;
; Ignore LCELL Buffers                                                            ; Off                ; Off                ;
; Ignore SOFT Buffers                                                             ; On                 ; On                 ;
; Limit AHDL Integers to 32 Bits                                                  ; Off                ; Off                ;
; Optimization Technique                                                          ; Balanced           ; Balanced           ;
; Carry Chain Length                                                              ; 70                 ; 70                 ;
; Auto Carry Chains                                                               ; On                 ; On                 ;
; Auto Open-Drain Pins                                                            ; On                 ; On                 ;
; Perform WYSIWYG Primitive Resynthesis                                           ; Off                ; Off                ;
; Auto ROM Replacement                                                            ; On                 ; On                 ;
; Auto RAM Replacement                                                            ; On                 ; On                 ;
; Auto DSP Block Replacement                                                      ; On                 ; On                 ;
; Auto Shift Register Replacement                                                 ; Auto               ; Auto               ;
; Allow Shift Register Merging across Hierarchies                                 ; Auto               ; Auto               ;
; Auto Clock Enable Replacement                                                   ; On                 ; On                 ;
; Strict RAM Replacement                                                          ; Off                ; Off                ;
; Allow Synchronous Control Signals                                               ; On                 ; On                 ;
; Force Use of Synchronous Clear Signals                                          ; Off                ; Off                ;
; Auto Resource Sharing                                                           ; Off                ; Off                ;
; Allow Any RAM Size For Recognition                                              ; Off                ; Off                ;
; Allow Any ROM Size For Recognition                                              ; Off                ; Off                ;
; Allow Any Shift Register Size For Recognition                                   ; Off                ; Off                ;
; Use LogicLock Constraints during Resource Balancing                             ; On                 ; On                 ;
; Ignore translate_off and synthesis_off directives                               ; Off                ; Off                ;
; Timing-Driven Synthesis                                                         ; On                 ; On                 ;
; Report Parameter Settings                                                       ; On                 ; On                 ;
; Report Source Assignments                                                       ; On                 ; On                 ;
; Report Connectivity Checks                                                      ; On                 ; On                 ;
; Ignore Maximum Fan-Out Assignments                                              ; Off                ; Off                ;
; Synchronization Register Chain Length                                           ; 3                  ; 3                  ;
; Power Optimization During Synthesis                                             ; Normal compilation ; Normal compilation ;
; HDL message level                                                               ; Level2             ; Level2             ;
; Suppress Register Optimization Related Messages                                 ; Off                ; Off                ;
; Number of Removed Registers Reported in Synthesis Report                        ; 5000               ; 5000               ;
; Number of Swept Nodes Reported in Synthesis Report                              ; 5000               ; 5000               ;
; Number of Inverted Registers Reported in Synthesis Report                       ; 100                ; 100                ;
; Clock MUX Protection                                                            ; On                 ; On                 ;
; Auto Gated Clock Conversion                                                     ; Off                ; Off                ;
; Block Design Naming                                                             ; Auto               ; Auto               ;
; SDC constraint protection                                                       ; Off                ; Off                ;
; Synthesis Effort                                                                ; Auto               ; Auto               ;
; Shift Register Replacement - Allow Asynchronous Clear Signal                    ; On                 ; On                 ;
; Pre-Mapping Resynthesis Optimization                                            ; Off                ; Off                ;
; Analysis & Synthesis Message Level                                              ; Medium             ; Medium             ;
; Disable Register Merging Across Hierarchies                                     ; Auto               ; Auto               ;
; Resource Aware Inference For Block RAM                                          ; On                 ; On                 ;
; Automatic Parallel Synthesis                                                    ; On                 ; On                 ;
; Partial Reconfiguration Bitstream ID                                            ; Off                ; Off                ;
+---------------------------------------------------------------------------------+--------------------+--------------------+


+------------------------------------------+
; Parallel Compilation                     ;
+----------------------------+-------------+
; Processors                 ; Number      ;
+----------------------------+-------------+
; Number detected on machine ; 12          ;
; Maximum allowed            ; 12          ;
;                            ;             ;
; Average used               ; 1.00        ;
; Maximum used               ; 12          ;
;                            ;             ;
; Usage by Processor         ; % Time Used ;
;     Processor 1            ; 100.0%      ;
;     Processors 2-12        ;   0.0%      ;
+----------------------------+-------------+


+--------------------------------------------------------------------------------------------------------------------------------------------------+
; Analysis & Synthesis Source Files Read                                                                                                           ;
+----------------------------------+-----------------+------------------------------+----------------------------------------------------+---------+
; File Name with User-Entered Path ; Used in Netlist ; File Type                    ; File Name with Absolute Path                       ; Library ;
+----------------------------------+-----------------+------------------------------+----------------------------------------------------+---------+
; VGA_Controller.sv                ; yes             ; User SystemVerilog HDL File  ; D:/Git/lab4TallerDigitalesCorrec/VGA_Controller.sv ;         ;
; clock_divider.sv                 ; yes             ; User SystemVerilog HDL File  ; D:/Git/lab4TallerDigitalesCorrec/clock_divider.sv  ;         ;
+----------------------------------+-----------------+------------------------------+----------------------------------------------------+---------+


+-----------------------------------------------------------------------------------+
; Analysis & Synthesis Resource Usage Summary                                       ;
+---------------------------------------------+-------------------------------------+
; Resource                                    ; Usage                               ;
+---------------------------------------------+-------------------------------------+
; Estimate of Logic utilization (ALMs needed) ; 52                                  ;
;                                             ;                                     ;
; Combinational ALUT usage for logic          ; 88                                  ;
;     -- 7 input functions                    ; 0                                   ;
;     -- 6 input functions                    ; 16                                  ;
;     -- 5 input functions                    ; 6                                   ;
;     -- 4 input functions                    ; 4                                   ;
;     -- <=3 input functions                  ; 62                                  ;
;                                             ;                                     ;
; Dedicated logic registers                   ; 63                                  ;
;                                             ;                                     ;
; I/O pins                                    ; 29                                  ;
;                                             ;                                     ;
; Total DSP Blocks                            ; 0                                   ;
;                                             ;                                     ;
; Maximum fan-out node                        ; clock_divider:clk_divider|clock_out ;
; Maximum fan-out                             ; 34                                  ;
; Total fan-out                               ; 542                                 ;
; Average fan-out                             ; 2.59                                ;
+---------------------------------------------+-------------------------------------+


+---------------------------------------------------------------------------------------------------------------------------------------------------------------------------------------------------------------------+
; Analysis & Synthesis Resource Utilization by Entity                                                                                                                                                                 ;
+--------------------------------+---------------------+---------------------------+-------------------+------------+------+--------------+-------------------------------------------+----------------+--------------+
; Compilation Hierarchy Node     ; Combinational ALUTs ; Dedicated Logic Registers ; Block Memory Bits ; DSP Blocks ; Pins ; Virtual Pins ; Full Hierarchy Name                       ; Entity Name    ; Library Name ;
+--------------------------------+---------------------+---------------------------+-------------------+------------+------+--------------+-------------------------------------------+----------------+--------------+
; |VGA_Controller                ; 88 (53)             ; 63 (34)                   ; 0                 ; 0          ; 29   ; 0            ; |VGA_Controller                           ; VGA_Controller ; work         ;
;    |clock_divider:clk_divider| ; 35 (35)             ; 29 (29)                   ; 0                 ; 0          ; 0    ; 0            ; |VGA_Controller|clock_divider:clk_divider ; clock_divider  ; work         ;
+--------------------------------+---------------------+---------------------------+-------------------+------------+------+--------------+-------------------------------------------+----------------+--------------+
Note: For table entries with two numbers listed, the numbers in parentheses indicate the number of resources of the given type used by the specific entity alone. The numbers listed outside of parentheses indicate the total resources of the given type used by the specific entity and all of its sub-entities in the hierarchy.


+---------------------------------------------------------------------------------+
; Registers Removed During Synthesis                                              ;
+----------------------------------------+----------------------------------------+
; Register name                          ; Reason for Removal                     ;
+----------------------------------------+----------------------------------------+
; r_red[5,7]                             ; Stuck at VCC due to stuck port data_in ;
; r_green[0,1,4,6]                       ; Stuck at VCC due to stuck port data_in ;
; r_blue[0..3,6]                         ; Stuck at VCC due to stuck port data_in ;
; r_blue[5,7]                            ; Merged with r_blue[4]                  ;
; r_green[2,3,5,7]                       ; Merged with r_blue[4]                  ;
; r_red[0..4,6]                          ; Merged with r_blue[4]                  ;
; Total Number of Removed Registers = 23 ;                                        ;
+----------------------------------------+----------------------------------------+


+------------------------------------------------------+
; General Register Statistics                          ;
+----------------------------------------------+-------+
; Statistic                                    ; Value ;
+----------------------------------------------+-------+
; Total registers                              ; 63    ;
; Number of registers using Synchronous Clear  ; 60    ;
; Number of registers using Synchronous Load   ; 0     ;
; Number of registers using Asynchronous Clear ; 32    ;
; Number of registers using Asynchronous Load  ; 0     ;
; Number of registers using Clock Enable       ; 17    ;
; Number of registers using Preset             ; 0     ;
+----------------------------------------------+-------+


+------------------------------------------------------------------------+
; Parameter Settings for User Entity Instance: clock_divider:clk_divider ;
+----------------+------------------------------+------------------------+
; Parameter Name ; Value                        ; Type                   ;
+----------------+------------------------------+------------------------+
; DIVISOR        ; 0000000000000000000000000010 ; Unsigned Binary        ;
+----------------+------------------------------+------------------------+
Note: In order to hide this table in the UI and the text report file, please set the "Show Parameter Settings in Synthesis Report" option in "Analysis and Synthesis Settings -> More Settings" to "Off".


+-----------------------------------------------------+
; Post-Synthesis Netlist Statistics for Top Partition ;
+-----------------------+-----------------------------+
; Type                  ; Count                       ;
+-----------------------+-----------------------------+
; arriav_ff             ; 63                          ;
;     CLR SCLR          ; 16                          ;
;     ENA               ; 1                           ;
;     ENA CLR SCLR      ; 16                          ;
;     SCLR              ; 28                          ;
;     plain             ; 2                           ;
; arriav_lcell_comb     ; 90                          ;
;     arith             ; 60                          ;
;         1 data inputs ; 60                          ;
;     normal            ; 30                          ;
;         0 data inputs ; 1                           ;
;         1 data inputs ; 2                           ;
;         2 data inputs ; 1                           ;
;         4 data inputs ; 4                           ;
;         5 data inputs ; 6                           ;
;         6 data inputs ; 16                          ;
; boundary_port         ; 29                          ;
;                       ;                             ;
; Max LUT depth         ; 3.70                        ;
; Average LUT depth     ; 2.61                        ;
+-----------------------+-----------------------------+


+-------------------------------+
; Elapsed Time Per Partition    ;
+----------------+--------------+
; Partition Name ; Elapsed Time ;
+----------------+--------------+
; Top            ; 00:00:00     ;
+----------------+--------------+


+-------------------------------+
; Analysis & Synthesis Messages ;
+-------------------------------+
Info: *******************************************************************
Info: Running Quartus Prime Analysis & Synthesis
    Info: Version 20.1.1 Build 720 11/11/2020 SJ Lite Edition
    Info: Processing started: Sun Oct 02 14:21:48 2022
Info: Command: quartus_map --read_settings_files=on --write_settings_files=off TICTACTOE -c TICTACTOE
Warning (18236): Number of processors has not been specified which may cause overloading on shared machines.  Set the global assignment NUM_PARALLEL_PROCESSORS in your QSF to an appropriate value for best performance.
Info (20030): Parallel compilation is enabled and will use 12 of the 12 processors detected
Info (12021): Found 1 design units, including 1 entities, in source file tictactoetest.sv
    Info (12023): Found entity 1: TicTacToeTest File: D:/Git/lab4TallerDigitalesCorrec/TicTacToeTest.sv Line: 2
Info (12021): Found 1 design units, including 1 entities, in source file vga_controller.sv
    Info (12023): Found entity 1: VGA_Controller File: D:/Git/lab4TallerDigitalesCorrec/VGA_Controller.sv Line: 1
Info (12021): Found 1 design units, including 1 entities, in source file vertical_counter.sv
    Info (12023): Found entity 1: vertical_counter File: D:/Git/lab4TallerDigitalesCorrec/vertical_counter.sv Line: 1
Info (12021): Found 1 design units, including 1 entities, in source file tictactoe.sv
    Info (12023): Found entity 1: TicTacToe File: D:/Git/lab4TallerDigitalesCorrec/TicTacToe.sv Line: 2
Info (12021): Found 1 design units, including 1 entities, in source file test_vga_controller.sv
    Info (12023): Found entity 1: test_vga_Controller File: D:/Git/lab4TallerDigitalesCorrec/test_vga_Controller.sv Line: 1
Info (12021): Found 1 design units, including 1 entities, in source file squareboxtest.sv
    Info (12023): Found entity 1: squareBoxTest File: D:/Git/lab4TallerDigitalesCorrec/squareBoxTest.sv Line: 1
Info (12021): Found 1 design units, including 1 entities, in source file squarebox.sv
    Info (12023): Found entity 1: squareBox File: D:/Git/lab4TallerDigitalesCorrec/squareBox.sv Line: 1
Info (12021): Found 1 design units, including 1 entities, in source file randommodule.sv
    Info (12023): Found entity 1: randomModule File: D:/Git/lab4TallerDigitalesCorrec/randomModule.sv Line: 1
Info (12021): Found 1 design units, including 1 entities, in source file positiontest.sv
    Info (12023): Found entity 1: positionTest File: D:/Git/lab4TallerDigitalesCorrec/positionTest.sv Line: 1
Info (12021): Found 1 design units, including 1 entities, in source file positionmachine.sv
    Info (12023): Found entity 1: positionMachine File: D:/Git/lab4TallerDigitalesCorrec/positionMachine.sv Line: 1
Info (12021): Found 1 design units, including 1 entities, in source file playgrill.sv
    Info (12023): Found entity 1: playGrill File: D:/Git/lab4TallerDigitalesCorrec/playGrill.sv Line: 1
Info (12021): Found 1 design units, including 1 entities, in source file playeriterator.sv
    Info (12023): Found entity 1: playerIterator File: D:/Git/lab4TallerDigitalesCorrec/playerIterator.sv Line: 1
Info (12021): Found 1 design units, including 1 entities, in source file mux21.sv
    Info (12023): Found entity 1: mux21 File: D:/Git/lab4TallerDigitalesCorrec/mux21.sv Line: 1
Info (12021): Found 1 design units, including 1 entities, in source file maquinacomportamiento.sv
    Info (12023): Found entity 1: MaquinaComportamiento File: D:/Git/lab4TallerDigitalesCorrec/MaquinaComportamiento.sv Line: 1
Info (12021): Found 1 design units, including 1 entities, in source file horizontal_counter.sv
    Info (12023): Found entity 1: horizontal_counter File: D:/Git/lab4TallerDigitalesCorrec/horizontal_counter.sv Line: 1
Info (12021): Found 1 design units, including 1 entities, in source file game.sv
    Info (12023): Found entity 1: game File: D:/Git/lab4TallerDigitalesCorrec/game.sv Line: 1
Info (12021): Found 1 design units, including 1 entities, in source file cronometer.sv
    Info (12023): Found entity 1: cronometer File: D:/Git/lab4TallerDigitalesCorrec/cronometer.sv Line: 1
Info (12021): Found 1 design units, including 1 entities, in source file clock_divider.sv
    Info (12023): Found entity 1: clock_divider File: D:/Git/lab4TallerDigitalesCorrec/clock_divider.sv Line: 4
Info (12021): Found 1 design units, including 1 entities, in source file checkempty.sv
    Info (12023): Found entity 1: checkEmpty File: D:/Git/lab4TallerDigitalesCorrec/checkEmpty.sv Line: 1
Info (12021): Found 1 design units, including 1 entities, in source file muxcustom.sv
    Info (12023): Found entity 1: muxCustom File: D:/Git/lab4TallerDigitalesCorrec/muxCustom.sv Line: 1
Info (12127): Elaborating entity "VGA_Controller" for the top level hierarchy
Warning (10230): Verilog HDL assignment warning at VGA_Controller.sv(39): truncated value with size 32 to match size of target (16) File: D:/Git/lab4TallerDigitalesCorrec/VGA_Controller.sv Line: 39
Warning (10230): Verilog HDL assignment warning at VGA_Controller.sv(55): truncated value with size 32 to match size of target (16) File: D:/Git/lab4TallerDigitalesCorrec/VGA_Controller.sv Line: 55
Warning (10230): Verilog HDL assignment warning at VGA_Controller.sv(66): truncated value with size 32 to match size of target (1) File: D:/Git/lab4TallerDigitalesCorrec/VGA_Controller.sv Line: 66
Warning (10230): Verilog HDL assignment warning at VGA_Controller.sv(67): truncated value with size 32 to match size of target (1) File: D:/Git/lab4TallerDigitalesCorrec/VGA_Controller.sv Line: 67
Info (12128): Elaborating entity "clock_divider" for hierarchy "clock_divider:clk_divider" File: D:/Git/lab4TallerDigitalesCorrec/VGA_Controller.sv Line: 14
Warning (13024): Output pins are stuck at VCC or GND
    Warning (13410): Pin "Red[5]" is stuck at VCC File: D:/Git/lab4TallerDigitalesCorrec/VGA_Controller.sv Line: 7
    Warning (13410): Pin "Red[7]" is stuck at VCC File: D:/Git/lab4TallerDigitalesCorrec/VGA_Controller.sv Line: 7
    Warning (13410): Pin "Green[0]" is stuck at VCC File: D:/Git/lab4TallerDigitalesCorrec/VGA_Controller.sv Line: 8
    Warning (13410): Pin "Green[1]" is stuck at VCC File: D:/Git/lab4TallerDigitalesCorrec/VGA_Controller.sv Line: 8
    Warning (13410): Pin "Green[4]" is stuck at VCC File: D:/Git/lab4TallerDigitalesCorrec/VGA_Controller.sv Line: 8
    Warning (13410): Pin "Green[6]" is stuck at VCC File: D:/Git/lab4TallerDigitalesCorrec/VGA_Controller.sv Line: 8
    Warning (13410): Pin "Blue[0]" is stuck at VCC File: D:/Git/lab4TallerDigitalesCorrec/VGA_Controller.sv Line: 9
    Warning (13410): Pin "Blue[1]" is stuck at VCC File: D:/Git/lab4TallerDigitalesCorrec/VGA_Controller.sv Line: 9
    Warning (13410): Pin "Blue[2]" is stuck at VCC File: D:/Git/lab4TallerDigitalesCorrec/VGA_Controller.sv Line: 9
    Warning (13410): Pin "Blue[3]" is stuck at VCC File: D:/Git/lab4TallerDigitalesCorrec/VGA_Controller.sv Line: 9
    Warning (13410): Pin "Blue[6]" is stuck at VCC File: D:/Git/lab4TallerDigitalesCorrec/VGA_Controller.sv Line: 9
Info (286030): Timing-Driven Synthesis is running
Info (16010): Generating hard_block partition "hard_block:auto_generated_inst"
    Info (16011): Adding 0 node(s), including 0 DDIO, 0 PLL, 0 transceiver and 0 LCELL
Info (21057): Implemented 118 device resources after synthesis - the final resource count might be different
    Info (21058): Implemented 2 input pins
    Info (21059): Implemented 27 output pins
    Info (21061): Implemented 89 logic cells
Info: Quartus Prime Analysis & Synthesis was successful. 0 errors, 17 warnings
    Info: Peak virtual memory: 4883 megabytes
    Info: Processing ended: Sun Oct 02 14:21:54 2022
    Info: Elapsed time: 00:00:06
    Info: Total CPU time (on all processors): 00:00:13


