------------------------------------------------------------
Timing Analyzer Summary
------------------------------------------------------------

Type  : Slow 1100mV 85C Model Setup 'clock_divider:clk_divider|clock_out'
Slack : -3.873
TNS   : -265.348

Type  : Slow 1100mV 85C Model Setup 'clk'
Slack : -3.542
TNS   : -191.428

Type  : Slow 1100mV 85C Model Hold 'clk'
Slack : -0.388
TNS   : -0.388

Type  : Slow 1100mV 85C Model Hold 'clock_divider:clk_divider|clock_out'
Slack : 0.289
TNS   : 0.000

Type  : Slow 1100mV 85C Model Minimum Pulse Width 'clock_divider:clk_divider|clock_out'
Slack : -2.174
TNS   : -110.147

Type  : Slow 1100mV 85C Model Minimum Pulse Width 'clk'
Slack : -0.800
TNS   : -32.564

Type  : Slow 1100mV 0C Model Setup 'clock_divider:clk_divider|clock_out'
Slack : -3.744
TNS   : -256.533

Type  : Slow 1100mV 0C Model Setup 'clk'
Slack : -3.419
TNS   : -183.443

Type  : Slow 1100mV 0C Model Hold 'clk'
Slack : -0.619
TNS   : -0.619

Type  : Slow 1100mV 0C Model Hold 'clock_divider:clk_divider|clock_out'
Slack : 0.292
TNS   : 0.000

Type  : Slow 1100mV 0C Model Minimum Pulse Width 'clock_divider:clk_divider|clock_out'
Slack : -2.174
TNS   : -109.501

Type  : Slow 1100mV 0C Model Minimum Pulse Width 'clk'
Slack : -0.809
TNS   : -35.851

Type  : Fast 1100mV 85C Model Setup 'clock_divider:clk_divider|clock_out'
Slack : -2.267
TNS   : -140.350

Type  : Fast 1100mV 85C Model Setup 'clk'
Slack : -2.102
TNS   : -100.577

Type  : Fast 1100mV 85C Model Hold 'clk'
Slack : -0.350
TNS   : -0.434

Type  : Fast 1100mV 85C Model Hold 'clock_divider:clk_divider|clock_out'
Slack : 0.096
TNS   : 0.000

Type  : Fast 1100mV 85C Model Minimum Pulse Width 'clock_divider:clk_divider|clock_out'
Slack : -2.174
TNS   : -80.891

Type  : Fast 1100mV 85C Model Minimum Pulse Width 'clk'
Slack : -0.699
TNS   : -6.012

Type  : Fast 1100mV 0C Model Setup 'clock_divider:clk_divider|clock_out'
Slack : -1.966
TNS   : -121.904

Type  : Fast 1100mV 0C Model Setup 'clk'
Slack : -1.738
TNS   : -82.510

Type  : Fast 1100mV 0C Model Hold 'clk'
Slack : -0.501
TNS   : -3.342

Type  : Fast 1100mV 0C Model Hold 'clock_divider:clk_divider|clock_out'
Slack : 0.084
TNS   : 0.000

Type  : Fast 1100mV 0C Model Minimum Pulse Width 'clock_divider:clk_divider|clock_out'
Slack : -2.174
TNS   : -80.454

Type  : Fast 1100mV 0C Model Minimum Pulse Width 'clk'
Slack : -0.689
TNS   : -6.164

------------------------------------------------------------
